edu\gatech\chai\BSER\model\ODHEmploymentStatus.class
edu\gatech\chai\BSER\model\util\BSERReferralTaskUtil.class
edu\gatech\chai\BSER\model\util\BSERReferralMessageHeaderUtil.class
edu\gatech\chai\BSER\model\util\BSERReferralRequestCompositionUtil.class
edu\gatech\chai\BSER\model\BSERPractitioner.class
edu\gatech\chai\BSER\model\BSERReferralFeedbackDocument.class
edu\gatech\chai\BSER\model\BSERReferralMessageBundle.class
edu\gatech\chai\BSER\model\BSERCoverage.class
edu\gatech\chai\FHIR\model\BodyWeight.class
edu\gatech\chai\BSER\context\BSERFhirContext.class
edu\gatech\chai\BSER\model\BSERServiceDeliveryLocation.class
edu\gatech\chai\FHIR\model\util\BMIUtil.class
edu\gatech\chai\BSER\model\BSERArthritusReferralFeedbackSupportingInfo.class
edu\gatech\chai\BSER\model\BSERArthritusFeedbackObservation.class
edu\gatech\chai\FHIR\model\util\CommonUtil.class
edu\gatech\chai\BSER\model\util\CommonUtil.class
edu\gatech\chai\BSER\model\util\BSERReferralFeedbackCompositionUtil.class
edu\gatech\chai\FHIR\model\util\BloodPressureUtil.class
edu\gatech\chai\BSER\model\util\BSERReferralServiceUtil.class
edu\gatech\chai\BSER\model\BSERReferralRecipientPractitionerRole.class
edu\gatech\chai\BSER\model\BSERReferralInitiatorPractitionerRole.class
edu\gatech\chai\BSER\model\BSERSupportingInfoBundleAbstract.class
edu\gatech\chai\BSER\model\BSERReferralMessageHeader.class
edu\gatech\chai\BSER\model\BSERReferralActivityStatus.class
edu\gatech\chai\FHIR\model\util\BodyWeightUtil.class
edu\gatech\chai\BSER\model\BSERParticipationFeedbackObservation.class
edu\gatech\chai\BSER\model\BSERConsent.class
edu\gatech\chai\BSER\model\util\BSERParticipantFeedbackObservationUtil.class
edu\gatech\chai\BSER\model\BSERReferralRequestComposition.class
edu\gatech\chai\BSER\model\BSERDiabetesPreventionReferralFeedbackSupportingInformation.class
edu\gatech\chai\BSER\model\BSEREducationLevel.class
edu\gatech\chai\BSER\model\BSERReferralFeedbackComposition.class
edu\gatech\chai\FHIR\model\BloodPressure.class
edu\gatech\chai\BSER\model\BSERArthritusReferralSupportingInformation.class
edu\gatech\chai\BSER\model\BSEROrganization.class
edu\gatech\chai\BSER\model\util\BSERArthritusReferralFeedbackObservationUtil.class
edu\gatech\chai\BSER\model\BSERReferralServiceRequest.class
edu\gatech\chai\BSER\model\util\BSERReferralActivityStatusUtil.class
edu\gatech\chai\BSER\model\BSERDiabetesPreventionReferralSupportingInformation.class
edu\gatech\chai\BSER\model\BSERReferralRequestDocumentBundle.class
edu\gatech\chai\BSER\model\util\BSEREducationLevelUtil.class
edu\gatech\chai\FHIR\model\BMI.class
edu\gatech\chai\FHIR\model\util\BodyHeightUtil.class
edu\gatech\chai\FHIR\model\BodyHeight.class
edu\gatech\chai\BSER\model\BSERHA1CObservation.class
edu\gatech\chai\BSER\model\BSERReferralTask.class
