c:\Users\mriley7\workspace\BSeR_javalib\src\main\java\edu\gatech\chai\BSER\model\BSEREducationLevel.java
c:\Users\mriley7\workspace\BSeR_javalib\src\main\java\edu\gatech\chai\BSER\model\BSEROrganization.java
c:\Users\mriley7\workspace\BSeR_javalib\src\main\java\edu\gatech\chai\BSER\model\BSERReferralInitiatorPractitionerRole.java
c:\Users\mriley7\workspace\BSeR_javalib\src\main\java\edu\gatech\chai\BSER\model\util\BSERReferralFeedbackCompositionUtil.java
c:\Users\mriley7\workspace\BSeR_javalib\src\main\java\edu\gatech\chai\BSER\model\BSERReferralRecipientPractitionerRole.java
c:\Users\mriley7\workspace\BSeR_javalib\src\main\java\edu\gatech\chai\BSER\model\util\BSEREducationLevelUtil.java
c:\Users\mriley7\workspace\BSeR_javalib\src\main\java\edu\gatech\chai\BSER\model\BSERArthritusReferralSupportingInformation.java
c:\Users\mriley7\workspace\BSeR_javalib\src\main\java\edu\gatech\chai\FHIR\model\util\BodyWeightUtil.java
c:\Users\mriley7\workspace\BSeR_javalib\src\main\java\edu\gatech\chai\BSER\model\BSERReferralFeedbackComposition.java
c:\Users\mriley7\workspace\BSeR_javalib\src\main\java\edu\gatech\chai\BSER\model\util\BSERReferralServiceUtil.java
c:\Users\mriley7\workspace\BSeR_javalib\src\main\java\edu\gatech\chai\FHIR\model\util\BMIUtil.java
c:\Users\mriley7\workspace\BSeR_javalib\src\main\java\edu\gatech\chai\BSER\context\BSERFhirContext.java
c:\Users\mriley7\workspace\BSeR_javalib\src\main\java\edu\gatech\chai\BSER\model\BSERDiabetesPreventionReferralFeedbackSupportingInformation.java
c:\Users\mriley7\workspace\BSeR_javalib\src\main\java\edu\gatech\chai\BSER\model\BSERReferralTask.java
c:\Users\mriley7\workspace\BSeR_javalib\src\main\java\edu\gatech\chai\FHIR\model\BodyHeight.java
c:\Users\mriley7\workspace\BSeR_javalib\src\main\java\edu\gatech\chai\BSER\model\BSERArthritusReferralFeedbackSupportingInfo.java
c:\Users\mriley7\workspace\BSeR_javalib\src\main\java\edu\gatech\chai\FHIR\model\util\BodyHeightUtil.java
c:\Users\mriley7\workspace\BSeR_javalib\src\main\java\edu\gatech\chai\BSER\model\util\BSERArthritusReferralFeedbackObservationUtil.java
c:\Users\mriley7\workspace\BSeR_javalib\src\main\java\edu\gatech\chai\BSER\model\BSERServiceDeliveryLocation.java
c:\Users\mriley7\workspace\BSeR_javalib\src\main\java\edu\gatech\chai\BSER\model\util\BSERReferralActivityStatusUtil.java
c:\Users\mriley7\workspace\BSeR_javalib\src\main\java\edu\gatech\chai\FHIR\model\BMI.java
c:\Users\mriley7\workspace\BSeR_javalib\src\main\java\edu\gatech\chai\BSER\model\BSERCoverage.java
c:\Users\mriley7\workspace\BSeR_javalib\src\main\java\edu\gatech\chai\BSER\model\util\BSERParticipantFeedbackObservationUtil.java
c:\Users\mriley7\workspace\BSeR_javalib\src\main\java\edu\gatech\chai\FHIR\model\util\CommonUtil.java
c:\Users\mriley7\workspace\BSeR_javalib\src\main\java\edu\gatech\chai\BSER\model\BSERReferralMessageBundle.java
c:\Users\mriley7\workspace\BSeR_javalib\src\main\java\edu\gatech\chai\BSER\model\BSERReferralRequestDocumentBundle.java
c:\Users\mriley7\workspace\BSeR_javalib\src\main\java\edu\gatech\chai\BSER\model\BSERHA1CObservation.java
c:\Users\mriley7\workspace\BSeR_javalib\src\main\java\edu\gatech\chai\BSER\model\BSERPractitioner.java
c:\Users\mriley7\workspace\BSeR_javalib\src\main\java\edu\gatech\chai\BSER\model\BSERReferralActivityStatus.java
c:\Users\mriley7\workspace\BSeR_javalib\src\main\java\edu\gatech\chai\BSER\model\BSERReferralMessageHeader.java
c:\Users\mriley7\workspace\BSeR_javalib\src\main\java\edu\gatech\chai\FHIR\model\BodyWeight.java
c:\Users\mriley7\workspace\BSeR_javalib\src\main\java\edu\gatech\chai\BSER\model\util\BSERReferralTaskUtil.java
c:\Users\mriley7\workspace\BSeR_javalib\src\main\java\edu\gatech\chai\FHIR\model\BloodPressure.java
c:\Users\mriley7\workspace\BSeR_javalib\src\main\java\edu\gatech\chai\BSER\model\util\CommonUtil.java
c:\Users\mriley7\workspace\BSeR_javalib\src\main\java\edu\gatech\chai\FHIR\model\util\BloodPressureUtil.java
c:\Users\mriley7\workspace\BSeR_javalib\src\main\java\edu\gatech\chai\BSER\model\BSERSupportingInfoBundleAbstract.java
c:\Users\mriley7\workspace\BSeR_javalib\src\main\java\edu\gatech\chai\BSER\model\BSERDiabetesPreventionReferralSupportingInformation.java
c:\Users\mriley7\workspace\BSeR_javalib\src\main\java\edu\gatech\chai\BSER\model\BSERArthritusFeedbackObservation.java
c:\Users\mriley7\workspace\BSeR_javalib\src\main\java\edu\gatech\chai\BSER\model\util\BSERReferralRequestCompositionUtil.java
c:\Users\mriley7\workspace\BSeR_javalib\src\main\java\edu\gatech\chai\BSER\model\BSERReferralRequestComposition.java
c:\Users\mriley7\workspace\BSeR_javalib\src\main\java\edu\gatech\chai\BSER\model\util\BSERReferralMessageHeaderUtil.java
c:\Users\mriley7\workspace\BSeR_javalib\src\main\java\edu\gatech\chai\BSER\model\ODHEmploymentStatus.java
c:\Users\mriley7\workspace\BSeR_javalib\src\main\java\edu\gatech\chai\BSER\model\BSERReferralFeedbackDocument.java
c:\Users\mriley7\workspace\BSeR_javalib\src\main\java\edu\gatech\chai\BSER\model\BSERReferralServiceRequest.java
c:\Users\mriley7\workspace\BSeR_javalib\src\main\java\edu\gatech\chai\BSER\model\BSERParticipationFeedbackObservation.java
c:\Users\mriley7\workspace\BSeR_javalib\src\main\java\edu\gatech\chai\BSER\model\BSERConsent.java
